const float i70 = 10.0;
const float i100 = 1.0;
const float i101 = 0.0;
const float4 i143 = float4(i100, i100, i100, i100);
half4 main(float2 iFragCoord);
float i10(float i9);
float2 i16(float2 i15);
float3 i22(float3 i21);
float4 i28(float4 i27);
float2x2 i34(float2x2 i33);
float3x3 i40(float3x3 i39);
float4x4 i46(float4x4 i45);

half4 main(float2 iFragCoord) {
  float4 iFC = float4(iFragCoord, 0, 0);
  float4 oColor;
  float i69;
  float i71;
  float2 i73;
  float2 i76;
  float3 i78;
  float3 i84;
  float4 i86;
  float4 i93;
  float2x2 i95;
  float2x2 i109;
  float3x3 i111;
  float3x3 i121;
  float4x4 i123;
  float4x4 i139;
  i71 = i70;
  float i72 = i10(i71);
  i69 = i72;
  float i74 = i69;
  float2 i75 = float2(i74, i74);
  i76 = i75;
  float2 i77 = i16(i76);
  i73 = i77;
  float2 i79 = i73;
  float i80 = i69;
  float i81 = i79[0];
  float i82 = i79[1];
  float3 i83 = float3(i81, i82, i80);
  i84 = i83;
  float3 i85 = i22(i84);
  i78 = i85;
  float3 i87 = i78;
  float i88 = i69;
  float i89 = i87[0];
  float i90 = i87[1];
  float i91 = i87[2];
  float4 i92 = float4(i89, i90, i91, i88);
  i93 = i92;
  float4 i94 = i28(i93);
  i86 = i94;
  float4 i96 = i86;
  float2 i97 = float2(i96[0], i96[1]);
  float4 i98 = i86;
  float2 i99 = float2(i98[2], i98[3]);
  float i102 = i97[0];
  float i103 = i97[1];
  float i104 = i99[0];
  float i105 = i99[1];
  float2 i106 = float2(i102, i103);
  float2 i107 = float2(i104, i105);
  float2x2 i108 = float2x2(i106, i107);
  i109 = i108;
  float2x2 i110 = i34(i109);
  i95 = i110;
  float2x2 i112 = i95;
  float i113 = i112[0][0];
  float i114 = i112[0][1];
  float i115 = i112[1][0];
  float i116 = i112[1][1];
  float3 i117 = float3(i113, i114, i101);
  float3 i118 = float3(i115, i116, i101);
  float3 i119 = float3(i101, i101, i100);
  float3x3 i120 = float3x3(i117, i118, i119);
  i121 = i120;
  float3x3 i122 = i40(i121);
  i111 = i122;
  float3x3 i124 = i111;
  float i125 = i124[0][0];
  float i126 = i124[0][1];
  float i127 = i124[0][2];
  float i128 = i124[1][0];
  float i129 = i124[1][1];
  float i130 = i124[1][2];
  float i131 = i124[2][0];
  float i132 = i124[2][1];
  float i133 = i124[2][2];
  float4 i134 = float4(i125, i126, i127, i101);
  float4 i135 = float4(i128, i129, i130, i101);
  float4 i136 = float4(i131, i132, i133, i101);
  float4 i137 = float4(i101, i101, i101, i100);
  float4x4 i138 = float4x4(i134, i135, i136, i137);
  i139 = i138;
  float4x4 i140 = i46(i139);
  i123 = i140;
  float4x4 i144 = i123;
  float4 i145 = i143 * i144;
  oColor = i145;
  return oColor;
}

float i10(float i9) {
  float i48 = i9;
  return i48;
}

float2 i16(float2 i15) {
  float2 i51 = i15;
  return i51;
}

float3 i22(float3 i21) {
  float3 i54 = i21;
  return i54;
}

float4 i28(float4 i27) {
  float4 i57 = i27;
  return i57;
}

float2x2 i34(float2x2 i33) {
  float2x2 i60 = i33;
  return i60;
}

float3x3 i40(float3x3 i39) {
  float3x3 i63 = i39;
  return i63;
}

float4x4 i46(float4x4 i45) {
  float4x4 i66 = i45;
  return i66;
}

