#version 300 es

precision mediump float;

layout ( location = 0 ) out vec4 oColor;

const float i10 = 5.0;
const vec3 i11 = vec3(i10, i10, i10);
const float i13 = 15.0;
const vec3 i14 = vec3(i13, i13, i13);
void main();

void main() {
  vec3 i9;
  vec3 i12;
  vec3 i15;
  vec3 i18;
  vec3 i21;
  vec3 i24;
  vec3 i27;
  vec3 i30;
  vec3 i35;
  vec3 i38;
  vec3 i41;
  vec3 i44;
  vec3 i47;
  vec3 i52;
  vec3 i55;
  vec3 i58;
  vec3 i61;
  vec3 i64;
  vec3 i67;
  vec3 i72;
  vec3 i75;
  vec3 i79;
  vec3 i82;
  vec3 i85;
  vec3 i90;
  vec3 i93;
  vec3 i97;
  vec3 i100;
  vec3 i103;
  vec3 i107;
  vec3 i111;
  vec3 i115;
  float i120;
  i9 = i11;
  i12 = i14;
  vec3 i16 = i9;
  vec3 i17 = abs(i16);
  i15 = i17;
  vec3 i19 = i15;
  vec3 i20 = acos(i19);
  i18 = i20;
  vec3 i22 = i18;
  vec3 i23 = asin(i22);
  i21 = i23;
  vec3 i25 = i21;
  vec3 i26 = atan(i25);
  i24 = i26;
  vec3 i28 = i24;
  vec3 i29 = ceil(i28);
  i27 = i29;
  vec3 i31 = i27;
  vec3 i32 = i9;
  vec3 i33 = i12;
  vec3 i34 = clamp(i31, i32, i33);
  i30 = i34;
  vec3 i36 = i30;
  vec3 i37 = cos(i36);
  i35 = i37;
  vec3 i39 = i35;
  vec3 i40 = degrees(i39);
  i38 = i40;
  vec3 i42 = i38;
  vec3 i43 = exp(i42);
  i41 = i43;
  vec3 i45 = i41;
  vec3 i46 = exp2(i45);
  i44 = i46;
  vec3 i48 = i44;
  vec3 i49 = i9;
  vec3 i50 = i12;
  vec3 i51 = faceforward(i48, i49, i50);
  i47 = i51;
  vec3 i53 = i47;
  vec3 i54 = floor(i53);
  i52 = i54;
  vec3 i56 = i52;
  vec3 i57 = fract(i56);
  i55 = i57;
  vec3 i59 = i55;
  vec3 i60 = inversesqrt(i59);
  i58 = i60;
  vec3 i62 = i58;
  vec3 i63 = log(i62);
  i61 = i63;
  vec3 i65 = i61;
  vec3 i66 = log2(i65);
  i64 = i66;
  vec3 i68 = i9;
  vec3 i69 = i12;
  vec3 i70 = i64;
  vec3 i71 = mix(i68, i69, i70);
  i67 = i71;
  vec3 i73 = i67;
  vec3 i74 = radians(i73);
  i72 = i74;
  vec3 i76 = i72;
  vec3 i77 = i9;
  vec3 i78 = reflect(i76, i77);
  i75 = i78;
  vec3 i80 = i75;
  vec3 i81 = sign(i80);
  i79 = i81;
  vec3 i83 = i79;
  vec3 i84 = sin(i83);
  i82 = i84;
  vec3 i86 = i9;
  vec3 i87 = i12;
  vec3 i88 = i82;
  vec3 i89 = smoothstep(i86, i87, i88);
  i85 = i89;
  vec3 i91 = i85;
  vec3 i92 = sqrt(i91);
  i90 = i92;
  vec3 i94 = i9;
  vec3 i95 = i90;
  vec3 i96 = step(i94, i95);
  i93 = i96;
  vec3 i98 = i93;
  vec3 i99 = tan(i98);
  i97 = i99;
  vec3 i101 = i97;
  vec3 i102 = trunc(i101);
  i100 = i102;
  vec3 i104 = i100;
  vec3 i105 = i12;
  vec3 i106 = atan2(i104, i105);
  i103 = i106;
  vec3 i108 = i103;
  vec3 i109 = i9;
  vec3 i110 = pow(i108, i109);
  i107 = i110;
  vec3 i112 = i107;
  vec3 i113 = i9;
  vec3 i114 = min(i112, i113);
  i111 = i114;
  vec3 i116 = i111;
  vec3 i117 = i12;
  vec3 i118 = max(i116, i117);
  i115 = i118;
  vec3 i121 = i115;
  vec3 i122 = i9;
  float i123 = distance(i121, i122);
  i120 = i123;
  vec3 i127 = i107;
  float i128 = i120;
  float i129 = i127[0];
  float i130 = i127[1];
  float i131 = i127[2];
  vec4 i132 = vec4(i129, i130, i131, i128);
  oColor = i132;
}

