#version 100

precision mediump float;

const float i10 = 5.0;
const vec3 i11 = vec3(i10, i10, i10);
const float i13 = 15.0;
const vec3 i14 = vec3(i13, i13, i13);
void main();

void main() {
  vec3 i9;
  vec3 i12;
  vec3 i15;
  vec3 i18;
  vec3 i21;
  vec3 i24;
  vec3 i27;
  vec3 i30;
  vec3 i35;
  vec3 i38;
  vec3 i41;
  vec3 i44;
  vec3 i47;
  vec3 i52;
  vec3 i55;
  vec3 i58;
  vec3 i61;
  vec3 i64;
  vec3 i67;
  vec3 i72;
  vec3 i75;
  vec3 i79;
  vec3 i82;
  vec3 i85;
  vec3 i90;
  vec3 i93;
  vec3 i97;
  vec3 i100;
  vec3 i103;
  vec3 i107;
  vec3 i111;
  vec3 i115;
  float i120;
  i9 = i11;
  i12 = i14;
  vec3 i17 = abs(i9);
  i15 = i17;
  vec3 i20 = acos(i15);
  i18 = i20;
  vec3 i23 = asin(i18);
  i21 = i23;
  vec3 i26 = atan(i21);
  i24 = i26;
  vec3 i29 = ceil(i24);
  i27 = i29;
  vec3 i34 = clamp(i27, i9, i12);
  i30 = i34;
  vec3 i37 = cos(i30);
  i35 = i37;
  vec3 i40 = degrees(i35);
  i38 = i40;
  vec3 i43 = exp(i38);
  i41 = i43;
  vec3 i46 = exp2(i41);
  i44 = i46;
  vec3 i51 = faceforward(i44, i9, i12);
  i47 = i51;
  vec3 i54 = floor(i47);
  i52 = i54;
  vec3 i57 = fract(i52);
  i55 = i57;
  vec3 i60 = inversesqrt(i55);
  i58 = i60;
  vec3 i63 = log(i58);
  i61 = i63;
  vec3 i66 = log2(i61);
  i64 = i66;
  vec3 i71 = mix(i9, i12, i64);
  i67 = i71;
  vec3 i74 = radians(i67);
  i72 = i74;
  vec3 i78 = reflect(i72, i9);
  i75 = i78;
  vec3 i81 = sign(i75);
  i79 = i81;
  vec3 i84 = sin(i79);
  i82 = i84;
  vec3 i89 = smoothstep(i9, i12, i82);
  i85 = i89;
  vec3 i92 = sqrt(i85);
  i90 = i92;
  vec3 i96 = step(i9, i90);
  i93 = i96;
  vec3 i99 = tan(i93);
  i97 = i99;
  vec3 i102 = trunc(i97);
  i100 = i102;
  vec3 i106 = atan2(i100, i12);
  i103 = i106;
  vec3 i110 = pow(i103, i9);
  i107 = i110;
  vec3 i114 = min(i107, i9);
  i111 = i114;
  vec3 i118 = max(i111, i12);
  i115 = i118;
  float i123 = distance(i115, i9);
  i120 = i123;
  float i129 = i107[0];
  float i130 = i107[1];
  float i131 = i107[2];
  vec4 i132 = vec4(i129, i130, i131, i120);
  gl_FragColor = i132;
}

